Reusing configuration cache.
> Task :ktor-client-brotli:checkKotlinGradlePluginConfigurationErrors SKIPPED
> Task :app:preBuild UP-TO-DATE
> Task :kugou:checkKotlinGradlePluginConfigurationErrors SKIPPED
> Task :github:processResources NO-SOURCE
> Task :app:preDebugUnitTestBuild UP-TO-DATE
> Task :app:preDebugBuild UP-TO-DATE
> Task :innertube:checkKotlinGradlePluginConfigurationErrors SKIPPED
> Task :app:checkKotlinGradlePluginConfigurationErrors SKIPPED
> Task :kugou:processResources NO-SOURCE
> Task :ktor-client-brotli:processResources NO-SOURCE
> Task :innertube:processResources NO-SOURCE
> Task :github:checkKotlinGradlePluginConfigurationErrors SKIPPED
> Task :app:generateDebugResValues UP-TO-DATE
> Task :app:javaPreCompileDebug UP-TO-DATE
> Task :app:processDebugNavigationResources UP-TO-DATE
> Task :github:compileKotlin UP-TO-DATE
> Task :kugou:compileKotlin UP-TO-DATE
> Task :app:createDebugCompatibleScreenManifests UP-TO-DATE
> Task :github:compileJava NO-SOURCE
> Task :github:classes UP-TO-DATE
> Task :kugou:compileJava NO-SOURCE
> Task :app:checkDebugAarMetadata UP-TO-DATE
> Task :kugou:classes UP-TO-DATE
> Task :app:javaPreCompileDebugUnitTest UP-TO-DATE
> Task :app:extractDeepLinksDebug UP-TO-DATE
> Task :app:generateDebugResources UP-TO-DATE
> Task :app:compileDebugNavigationResources UP-TO-DATE
> Task :github:jar UP-TO-DATE
> Task :kugou:jar UP-TO-DATE
> Task :app:mapDebugSourceSetPaths UP-TO-DATE
> Task :ktor-client-brotli:compileKotlin UP-TO-DATE
> Task :ktor-client-brotli:compileJava NO-SOURCE
> Task :ktor-client-brotli:classes UP-TO-DATE
> Task :app:packageDebugResources UP-TO-DATE
> Task :ktor-client-brotli:jar UP-TO-DATE
> Task :app:processDebugMainManifest UP-TO-DATE
> Task :app:mergeDebugResources UP-TO-DATE
> Task :app:processDebugManifest UP-TO-DATE
> Task :app:parseDebugLocalResources UP-TO-DATE
> Task :app:processDebugManifestForPackage UP-TO-DATE
> Task :innertube:compileKotlin UP-TO-DATE
> Task :innertube:compileJava NO-SOURCE
> Task :innertube:classes UP-TO-DATE
> Task :innertube:jar UP-TO-DATE
> Task :app:processDebugResources UP-TO-DATE
> Task :app:kspDebugKotlin UP-TO-DATE

> Task :app:compileDebugKotlin FAILED
cmd : e: file:///C:/Users/RAJA%20RATHOUR/Desktop/Program/
music-you/app/src/main/kotlin/com/github/musicyou/service
/PlayerService.kt:390:24 Unresolved reference 'cancel'.
At line:1 char:1
+ cmd /c gradlew.bat testDebugUnitTest --console=plain > 
build_error.lo ...
+ ~~~~~~~~~~~~~~~~~~~~~~~~~~~~~~~~~~~~~~~~~~~~~~~~~~~~~~~
~~~~~~~~~~~~~~
    + CategoryInfo          : NotSpecified: (e: file:/// 
   C:/U...rence 'cancel'.:String) [], RemoteException
    + FullyQualifiedErrorId : NativeCommandError
 

FAILURE: Build failed with an exception.

* What went wrong:
Execution failed for task ':app:compileDebugKotlin'.
> A failure occurred while executing org.jetbrains.kotlin
.compilerRunner.GradleCompilerRunnerWithWorkers$GradleKot
linCompilerWorkAction
   > Compilation error. See log for more details

* Try:
> Run with --stacktrace option to get the stack trace.
> Run with --info or --debug option to get more log 
output.
> Run with --scan to get full insights.
> Get more help at https://help.gradle.org.

BUILD FAILED in 6s
27 actionable tasks: 1 executed, 26 up-to-date
Configuration cache entry reused.
