Reusing configuration cache.
> Task :github:checkKotlinGradlePluginConfigurationErrors SKIPPED
> Task :ktor-client-brotli:checkKotlinGradlePluginConfigurationErrors SKIPPED
> Task :app:preBuild UP-TO-DATE
> Task :app:preDebugBuild UP-TO-DATE
> Task :kugou:checkKotlinGradlePluginConfigurationErrors SKIPPED
> Task :app:checkKotlinGradlePluginConfigurationErrors SKIPPED
> Task :innertube:processResources NO-SOURCE
> Task :github:processResources NO-SOURCE
> Task :innertube:checkKotlinGradlePluginConfigurationErrors SKIPPED
> Task :kugou:processResources NO-SOURCE
> Task :ktor-client-brotli:processResources NO-SOURCE
> Task :app:preDebugUnitTestBuild UP-TO-DATE
> Task :app:generateDebugResValues UP-TO-DATE
> Task :app:createDebugCompatibleScreenManifests UP-TO-DATE
> Task :app:javaPreCompileDebug UP-TO-DATE
> Task :app:generateDebugResources UP-TO-DATE
> Task :app:mapDebugSourceSetPaths UP-TO-DATE
> Task :ktor-client-brotli:compileKotlin UP-TO-DATE
> Task :app:checkDebugAarMetadata UP-TO-DATE
> Task :app:extractDeepLinksDebug UP-TO-DATE
> Task :ktor-client-brotli:compileJava NO-SOURCE
> Task :app:mergeDebugResources UP-TO-DATE
> Task :app:packageDebugResources UP-TO-DATE
> Task :app:processDebugNavigationResources UP-TO-DATE
> Task :ktor-client-brotli:classes UP-TO-DATE
> Task :app:javaPreCompileDebugUnitTest UP-TO-DATE
> Task :kugou:compileKotlin UP-TO-DATE
> Task :app:compileDebugNavigationResources UP-TO-DATE
> Task :app:parseDebugLocalResources UP-TO-DATE
> Task :kugou:compileJava NO-SOURCE
> Task :kugou:classes UP-TO-DATE
> Task :github:compileKotlin UP-TO-DATE
> Task :ktor-client-brotli:jar UP-TO-DATE
> Task :github:compileJava NO-SOURCE
> Task :github:classes UP-TO-DATE
> Task :kugou:jar UP-TO-DATE
> Task :github:jar UP-TO-DATE
> Task :app:processDebugMainManifest UP-TO-DATE
> Task :app:processDebugManifest UP-TO-DATE
> Task :app:processDebugManifestForPackage UP-TO-DATE
> Task :innertube:compileKotlin UP-TO-DATE
> Task :innertube:compileJava NO-SOURCE
> Task :innertube:classes UP-TO-DATE
> Task :innertube:jar UP-TO-DATE
> Task :app:processDebugResources UP-TO-DATE
> Task :app:kspDebugKotlin UP-TO-DATE
> Task :app:compileDebugKotlin UP-TO-DATE
> Task :app:compileDebugJavaWithJavac NO-SOURCE
> Task :app:processDebugJavaRes UP-TO-DATE
> Task :app:bundleDebugClassesToRuntimeJar
> Task :app:bundleDebugClassesToCompileJar
> Task :app:kspDebugUnitTestKotlin

> Task :app:compileDebugUnitTestKotlin FAILED
./gradlew : e: file:///C:/Users/RAJA%20RATHOUR/Desktop/Pr
ogram/music-you/app/src/test/java/com/github/musicyou/syn
c/session/SessionManagerTest.kt:38:5 Class 
'SessionManagerTest.FakePlaybackEngine' is not abstract 
and does not implement abstract members:
At line:1 char:1
+ ./gradlew testDebugUnitTest 2>&1 | Out-File -Encoding 
UTF8 test_outpu ...
+ ~~~~~~~~~~~~~~~~~~~~~~~~~~~~~~~~
    + CategoryInfo          : NotSpecified: (e: 
file:///C    :/U...stract members::String) [], 
RemoteException
    + FullyQualifiedErrorId : NativeCommandError
 
fun prepare(): Unit
fun setVolume(volume: Float): Unit
fun release(): Unit
e: file:///C:/Users/RAJA%20RATHOUR/Desktop/Program/music-
you/app/src/test/java/com/github/musicyou/sync/session/Se
ssionManagerTest.kt:41:18 No parameter with name 
'currentMediaId' found.
e: file:///C:/Users/RAJA%20RATHOUR/Desktop/Program/music-
you/app/src/test/java/com/github/musicyou/sync/session/Se
ssionManagerTest.kt:42:18 No parameter with name 
'playbackStatus' found.
e: file:///C:/Users/RAJA%20RATHOUR/Desktop/Program/music-
you/app/src/test/java/com/github/musicyou/sync/session/Se
ssionManagerTest.kt:42:49 Unresolved reference 'Status'.
e: file:///C:/Users/RAJA%20RATHOUR/Desktop/Program/music-
you/app/src/test/java/com/github/musicyou/sync/session/Se
ssionManagerTest.kt:52:100 No parameter with name 
'currentMediaId' found.
e: file:///C:/Users/RAJA%20RATHOUR/Desktop/Program/music-
you/app/src/test/java/com/github/musicyou/sync/session/Se
ssionManagerTest.kt:53:98 No parameter with name 
'playbackStatus' found.
e: file:///C:/Users/RAJA%20RATHOUR/Desktop/Program/music-
you/app/src/test/java/com/github/musicyou/sync/session/Se
ssionManagerTest.kt:53:129 Unresolved reference 'Status'.
e: file:///C:/Users/RAJA%20RATHOUR/Desktop/Program/music-
you/app/src/test/java/com/github/musicyou/sync/session/Se
ssionManagerTest.kt:54:100 No parameter with name 
'playbackStatus' found.
e: file:///C:/Users/RAJA%20RATHOUR/Desktop/Program/music-
you/app/src/test/java/com/github/musicyou/sync/session/Se
ssionManagerTest.kt:54:131 Unresolved reference 'Status'.
e: file:///C:/Users/RAJA%20RATHOUR/Desktop/Program/music-
you/app/src/test/java/com/github/musicyou/sync/session/Se
ssionManagerTest.kt:66:37 This type is final, so it 
cannot be extended.
e: file:///C:/Users/RAJA%20RATHOUR/Desktop/Program/music-
you/app/src/test/java/com/github/musicyou/sync/session/Se
ssionManagerTest.kt:68:9 'getGlobalTime' in 
'TimeSyncEngine' is final and cannot be overridden.
e: file:///C:/Users/RAJA%20RATHOUR/Desktop/Program/music-
you/app/src/test/java/com/github/musicyou/sync/transport/
TransportManagerTest.kt:48:23 Unresolved reference 
'sentMessages'.
e: file:///C:/Users/RAJA%20RATHOUR/Desktop/Program/music-
you/app/src/test/java/com/github/musicyou/sync/transport/
TransportManagerTest.kt:49:23 Unresolved reference 
'sentMessages'.
e: file:///C:/Users/RAJA%20RATHOUR/Desktop/Program/music-
you/app/src/test/java/com/github/musicyou/sync/transport/
TransportManagerTest.kt:56:56 Argument type mismatch: 
actual type is 'TestDispatcher', but 'CoroutineScope' 
was expected.

FAILURE: Build failed with an exception.

* What went wrong:
Execution failed for task 
':app:compileDebugUnitTestKotlin'.
> A failure occurred while executing org.jetbrains.kotlin
.compilerRunner.GradleCompilerRunnerWithWorkers$GradleKot
linCompilerWorkAction
   > Compilation error. See log for more details

* Try:
> Run with --stacktrace option to get the stack trace.
> Run with --info or --debug option to get more log 
output.
> Run with --scan to get full insights.
> Get more help at https://help.gradle.org.

BUILD FAILED in 2s
32 actionable tasks: 4 executed, 28 up-to-date
Configuration cache entry reused.
