Calculating task graph as no cached configuration is available for tasks: testDebugUnitTest

[Incubating] Problems report is available at: file:///C:/Users/RAJA%20RATHOUR/Desktop/Program/music-you/build/reports/problems/problems-report.html
Configuration cache entry stored.
cmd : 
At line:1 char:1
+ cmd /c gradlew.bat testDebugUnitTest > test_output.txt 
2>&1
+ ~~~~~~~~~~~~~~~~~~~~~~~~~~~~~~~~~~~~~~~~~~~~~~~~~~~~~~~
~~~~
    + CategoryInfo          : NotSpecified: (:String) [] 
   , RemoteException
    + FullyQualifiedErrorId : NativeCommandError
 
FAILURE: Build failed with an exception.

* What went wrong:
org.gradle.api.InvalidUserDataException: Invalid TOML 
catalog definition:
  - Problem: In version catalog libs, parsing failed 
with 1 error.
    
    Reason: In file 'C:\Users\RAJA RATHOUR\Desktop\Progra
m\music-you\gradle\libs.versions.toml' at line 17, 
column 1: ktor previously defined at line 16, column 1.
    
    Possible solution: Fix the TOML file according to 
the syntax described at https://toml.io.
    
    For more information, please refer to https://docs.gr
adle.org/8.14.3/userguide/version_catalog_problems.html#t
oml_syntax_error in the Gradle documentation.
> Invalid TOML catalog definition:
    - Problem: In version catalog libs, parsing failed 
with 1 error.
      
      Reason: In file 'C:\Users\RAJA RATHOUR\Desktop\Prog
ram\music-you\gradle\libs.versions.toml' at line 17, 
column 1: ktor previously defined at line 16, column 1.
      
      Possible solution: Fix the TOML file according to 
the syntax described at https://toml.io.
      
      For more information, please refer to https://docs.
gradle.org/8.14.3/userguide/version_catalog_problems.html
#toml_syntax_error in the Gradle documentation.

* Try:
> Run with --stacktrace option to get the stack trace.
> Run with --info or --debug option to get more log 
output.
> Run with --scan to get full insights.
> Get more help at https://help.gradle.org.

BUILD FAILED in 854ms
